var a = 1
var b = 1
for i in 0..10 {
	var fib = b + a
	a = b
	b = fib
}
