var a = 1
var b = 1
for var i = 0; i < 10; i = i + 1 {
	var fib = b + a
	a = b
	b = fib
}
